// Vitest Snapshot v1, https://vitest.dev/guide/snapshot.html

exports[`#579 ponuka „Sklo (základ)" z Odoo podľa hrúbky > výpočtové sklo všetkých Odoo volieb vo všetkých systémoch (Money-neutrálny snapshot) 1`] = `
{
  "Deluxe": {
    "ESG Float bronz/šedý 10mm": "Float kalené 10 mm",
    "ESG Float bronz/šedý 6mm": "Float kalené 6 mm",
    "ESG Float čirý 10mm": "Float kalené 10 mm",
    "ESG Float čirý 6mm": "Float kalené 6 mm",
    "ESG Stopsol Classic Clear 6mm": "Float kalené 6 mm",
  },
  "Robust": {
    "IZOS DOUBLE 4-16-4 AL": "Izolačné sklo 4/16/4 číre",
    "IZOS DOUBLE 4-16-4 TH": "Izolačné sklo 4/16/4 číre",
    "IZOS DOUBLE 5ESG-14-5ESG": "Izolačné sklo 4/16/4 číre",
  },
  "Slide": {
    "Drôtené sklo 6mm": "6mm číre",
    "ESG Float bronz/šedý 6mm": "6mm číre",
    "ESG Float čirý 6mm": "ESG kalené 6 mm",
    "ESG Stopsol Classic Clear 6mm": "ESG kalené 6 mm",
    "Float bronz/šedý 6mm": "6mm číre",
    "Float čirý 6mm": "6mm číre",
    "IZOS DOUBLE 3.3.1-6-4 (VSG)": "Izolačné sklo 4/8/4 číre",
    "IZOS DOUBLE 6-6-4": "Izolačné sklo 4/8/4 číre",
    "Izolačné sklo 4/8/4- číre (Ug=1,1)": "Izolačné sklo 4/8/4 číre",
    "VSG 33.1": "6mm číre",
    "VSG 33.2": "6mm číre",
  },
  "Štandard": {
    "Drôtené sklo 6mm": "Float sklo 6 mm",
    "ESG Float bronz/šedý 6mm": "Float sklo 6 mm",
    "ESG Float čirý 4mm": "ESG kalené 4 mm",
    "ESG Float čirý 6mm": "ESG kalené 6 mm",
    "ESG Stopsol Classic Clear 6mm": "ESG kalené 6 mm",
    "Float bronz/šedý 6mm": "Float sklo 6 mm",
    "Float čirý 4mm": "Float sklo 4 mm",
    "Float čirý 6mm": "Float sklo 6 mm",
    "IZOS DOUBLE 3.3.1-6-4 (VSG)": "Izolačné sklo 4/8/4 číre",
    "IZOS DOUBLE 4-16-4 AL": "Izolačné sklo 4/16/4 číre",
    "IZOS DOUBLE 4-16-4 TH": "Izolačné sklo 4/16/4 číre",
    "IZOS DOUBLE 5ESG-14-5ESG": "Izolačné sklo 4/16/4 číre",
    "IZOS DOUBLE 6-6-4": "Izolačné sklo 4/8/4 číre",
    "Izolačné sklo 4/8/4- číre (Ug=1,1)": "Izolačné sklo 4/8/4 číre",
    "VSG 33.1": "Float sklo 6 mm",
    "VSG 33.2": "Float sklo 6 mm",
  },
  "Štandard +": {
    "Drôtené sklo 6mm": "Float sklo 6 mm",
    "ESG Float bronz/šedý 6mm": "Float sklo 6 mm",
    "ESG Float čirý 4mm": "Float sklo 4 mm",
    "ESG Float čirý 6mm": "ESG kalené 6 mm",
    "ESG Stopsol Classic Clear 6mm": "ESG kalené 6 mm",
    "Float bronz/šedý 6mm": "Float sklo 6 mm",
    "Float čirý 4mm": "Float sklo 4 mm",
    "Float čirý 6mm": "Float sklo 6 mm",
    "IZOS DOUBLE 3.3.1-6-4 (VSG)": "Izolačné sklo 4/8/4 číre",
    "IZOS DOUBLE 4-16-4 AL": "Izolačné sklo 4/16/4 číre",
    "IZOS DOUBLE 4-16-4 TH": "Izolačné sklo 4/16/4 číre",
    "IZOS DOUBLE 5ESG-14-5ESG": "Izolačné sklo 4/16/4 číre",
    "IZOS DOUBLE 6-6-4": "Izolačné sklo 4/8/4 číre",
    "Izolačné sklo 4/8/4- číre (Ug=1,1)": "Izolačné sklo 4/8/4 číre",
    "VSG 33.1": "Float sklo 6 mm",
    "VSG 33.2": "Float sklo 6 mm",
  },
  "Štandard Drevo": {
    "Drôtené sklo 6mm": "Float sklo 6 mm",
    "ESG Float bronz/šedý 6mm": "Float sklo 6 mm",
    "ESG Float čirý 6mm": "ESG kalené 6 mm",
    "ESG Stopsol Classic Clear 6mm": "ESG kalené 6 mm",
    "Float bronz/šedý 6mm": "Float sklo 6 mm",
    "Float čirý 6mm": "Float sklo 6 mm",
    "IZOS DOUBLE 3.3.1-6-4 (VSG)": "Izolačné sklo 4/8/4 číre",
    "IZOS DOUBLE 4-16-4 AL": "Izolačné sklo 4/16/4 číre",
    "IZOS DOUBLE 4-16-4 TH": "Izolačné sklo 4/16/4 číre",
    "IZOS DOUBLE 5ESG-14-5ESG": "Izolačné sklo 4/16/4 číre",
    "IZOS DOUBLE 6-6-4": "Izolačné sklo 4/8/4 číre",
    "Izolačné sklo 4/8/4- číre (Ug=1,1)": "Izolačné sklo 4/8/4 číre",
    "VSG 33.1": "Float sklo 6 mm",
    "VSG 33.2": "Float sklo 6 mm",
  },
}
`;
